<html>
<body>
<pre>
<h1>礦ision Build Log</h1>
<h2>Tool Versions:</h2>
IDE-Version: μVision V5.20.0.39
Copyright (C) 2016 ARM Ltd and ARM Germany GmbH. All rights reserved.
License Information: qwe 17677, qwe, LIC=UB412-97GXT-KSRYM-XV5AW-2CWLT-9AJ3C
 
Tool Versions:
Toolchain:       MDK-ARM Professional  Version: 5.21a
Toolchain Path:  D:\MDK514\ARM\ARMCC\Bin
C Compiler:      Armcc.exe V5.06 update 3 (build 300)
Assembler:       Armasm.exe V5.06 update 3 (build 300)
Linker/Locator:  ArmLink.exe V5.06 update 3 (build 300)
Library Manager: ArmAr.exe V5.06 update 3 (build 300)
Hex Converter:   FromElf.exe V5.06 update 3 (build 300)
CPU DLL:         SARMCM3.DLL V5.21a
Dialog DLL:      DARMSTM.DLL V1.66.0.1
Target DLL:      Segger\JL2CM3.dll V2.99.23.0
Dialog DLL:      TARMSTM.DLL V1.65.0.0
 
<h2>Project:</h2>
D:\桌面\国庆毕设\USER\Template.uvprojx
Project File Date:  04/05/2019

<h2>Output:</h2>
*** Using Compiler 'V5.06 update 3 (build 300)', folder: 'D:\MDK514\ARM\ARMCC\Bin'
Build target 'Target 1'
compiling usart.c...
..\SYSTEM\usart\usart.c(147): warning:  #177-D: variable "err" was declared but never referenced
    OS_ERR err;		
..\SYSTEM\usart\usart.c: 1 warning, 0 errors
linking...
Program Size: Code=179234 RO-data=59262 RW-data=3264 ZI-data=920984  
FromELF: creating hex file...
"..\OBJ\MALLOC.axf" - 0 Error(s), 1 Warning(s).

<h2>Collection of Component include folders:</h2>
  D:\桌面\国庆毕设\USER\RTE
  D:\MDK514\ARM\PACK\Keil\STM32F1xx_DFP\1.0.5\Device\Include

<h2>Collection of Component Files used:</h2>
Build Time Elapsed:  00:00:04
</pre>
</body>
</html>
